[DEBUG] PC: 000 | Instr: push:I 5
        State: {+}, {}, {}, {}, {}/
[DEBUG] PC: 001 | Instr: newarray[1D] I
        State: {+}, {}, {}, {}, {}/{+}
[DEBUG] PC: 002 | Instr: dup 1
        State: {+}, {}, {}, {}, {}/{0}
[DEBUG] PC: 003 | Instr: push:I 0
        State: {+}, {}, {}, {}, {}/{0}:{0}
[DEBUG] PC: 004 | Instr: push:I 2
        State: {+}, {}, {}, {}, {}/{0}:{0}:{0}
[DEBUG] PC: 005 | Instr: array_store I
        State: {+}, {}, {}, {}, {}/{0}:{0}:{0}:{+}
[DEBUG] PC: 006 | Instr: dup 1
        State: {+}, {}, {}, {}, {}/{0}
[DEBUG] PC: 007 | Instr: push:I 1
        State: {+}, {}, {}, {}, {}/{0}:{0}
[DEBUG] PC: 008 | Instr: push:I 3
        State: {+}, {}, {}, {}, {}/{0}:{0}:{+}
[DEBUG] PC: 009 | Instr: array_store I
        State: {+}, {}, {}, {}, {}/{0}:{0}:{+}:{+}
[DEBUG] PC: 010 | Instr: dup 1
        State: {+}, {}, {}, {}, {}/{0}
[DEBUG] PC: 011 | Instr: push:I 2
        State: {+}, {}, {}, {}, {}/{0}:{0}
[DEBUG] PC: 012 | Instr: push:I 4
        State: {+}, {}, {}, {}, {}/{0}:{0}:{+}
[DEBUG] PC: 013 | Instr: array_store I
        State: {+}, {}, {}, {}, {}/{0}:{0}:{+}:{+}
[DEBUG] PC: 014 | Instr: dup 1
        State: {+}, {}, {}, {}, {}/{0}
[DEBUG] PC: 015 | Instr: push:I 3
        State: {+}, {}, {}, {}, {}/{0}:{0}
[DEBUG] PC: 016 | Instr: push:I 10
        State: {+}, {}, {}, {}, {}/{0}:{0}:{+}
[DEBUG] PC: 017 | Instr: array_store I
        State: {+}, {}, {}, {}, {}/{0}:{0}:{+}:{+}
[DEBUG] PC: 018 | Instr: dup 1
        State: {+}, {}, {}, {}, {}/{0}
[DEBUG] PC: 019 | Instr: push:I 4
        State: {+}, {}, {}, {}, {}/{0}:{0}
[DEBUG] PC: 020 | Instr: push:I 40
        State: {+}, {}, {}, {}, {}/{0}:{0}:{+}
[DEBUG] PC: 021 | Instr: array_store I
        State: {+}, {}, {}, {}, {}/{0}:{0}:{+}:{+}
[DEBUG] PC: 022 | Instr: store:A 1
        State: {+}, {}, {}, {}, {}/{0}
[DEBUG] PC: 023 | Instr: push:I 0
        State: {+}, {0}, {}, {}, {}/
[DEBUG] PC: 024 | Instr: store:I 2
        State: {+}, {0}, {}, {}, {}/{0}
[DEBUG] PC: 025 | Instr: load:A 1
        State: {+}, {0}, {0}, {}, {}/
[DEBUG] PC: 026 | Instr: arraylength
        State: {+}, {0}, {0}, {}, {}/{0}
[DEBUG] PC: 027 | Instr: push:I 1
        State: {+}, {0}, {0}, {}, {}/{0+}
[DEBUG] PC: 028 | Instr: binary:I sub
        State: {+}, {0}, {0}, {}, {}/{0+}:{+}
[DEBUG] PC: 029 | Instr: store:I 3
        State: {+}, {0}, {0}, {}, {}/{-0+}
[DEBUG] PC: 030 | Instr: load:I 2
        State: {+}, {0}, {0}, {-0+}, {}/
[DEBUG] PC: 031 | Instr: load:I 3
        State: {+}, {0}, {0}, {-0+}, {}/{0}
[DEBUG] PC: 032 | Instr: if gt 62
        State: {+}, {0}, {0}, {-0+}, {}/{0}:{-0+}
[DEBUG] PC: 062 | Instr: get static jpamb.cases.Arrays.$assertionsDisabled:Z
        State: {+}, {0}, {0}, {-0+}, {}/
[DEBUG] PC: 063 | Instr: ifz ne 68
        State: {+}, {0}, {0}, {-0+}, {}/{0}
[DEBUG] PC: 064 | Instr: new java.lang.AssertionError
        State: {+}, {0}, {0}, {-0+}, {}/
[DEBUG] PC: 033 | Instr: load:I 2
        State: {+}, {0}, {0}, {-0+}, {}/
[DEBUG] PC: 034 | Instr: load:I 3
        State: {+}, {0}, {0}, {-0+}, {}/{0}
[DEBUG] PC: 035 | Instr: load:I 2
        State: {+}, {0}, {0}, {-0+}, {}/{0}:{-0+}
[DEBUG] PC: 036 | Instr: binary:I sub
        State: {+}, {0}, {0}, {-0+}, {}/{0}:{-0+}:{0}
[DEBUG] PC: 037 | Instr: push:I 2
        State: {+}, {0}, {0}, {-0+}, {}/{0}:{-0+}
[DEBUG] PC: 038 | Instr: binary:I div
        State: {+}, {0}, {0}, {-0+}, {}/{0}:{-0+}:{+}
[DEBUG] PC: 039 | Instr: binary:I add
        State: {+}, {0}, {0}, {-0+}, {}/{0}:{-0+}
[DEBUG] PC: 040 | Instr: store:I 4
        State: {+}, {0}, {0}, {-0+}, {}/{-0+}
[DEBUG] PC: 041 | Instr: load:A 1
        State: {+}, {0}, {0}, {-0+}, {-0+}/
[DEBUG] PC: 042 | Instr: load:I 4
        State: {+}, {0}, {0}, {-0+}, {-0+}/{0}
[DEBUG] PC: 043 | Instr: array_load:I
        State: {+}, {0}, {0}, {-0+}, {-0+}/{0}:{-0+}
[DEBUG] PC: 044 | Instr: load:I 0
        State: {+}, {0}, {0}, {-0+}, {-0+}/{-0+}
[DEBUG] PC: 045 | Instr: if ne 47
        State: {+}, {0}, {0}, {-0+}, {-0+}/{-0+}:{+}
!!! DEBUG PC 45 !!!
Confronto v1 (array): {-0+} con v2 (target): {+}
Risultato compare (Ne): [False, True]

[DEBUG] PC: 047 | Instr: load:A 1
        State: {+}, {0}, {0}, {-0+}, {-0+}/
[DEBUG] PC: 048 | Instr: load:I 4
        State: {+}, {0}, {0}, {-0+}, {-0+}/{0}
[DEBUG] PC: 049 | Instr: array_load:I
        State: {+}, {0}, {0}, {-0+}, {-0+}/{0}:{-0+}
[DEBUG] PC: 050 | Instr: load:I 0
        State: {+}, {0}, {0}, {-0+}, {-0+}/{-0+}
[DEBUG] PC: 051 | Instr: if ge 57
        State: {+}, {0}, {0}, {-0+}, {-0+}/{-0+}:{+}
[DEBUG] PC: 057 | Instr: load:I 4
        State: {+}, {0}, {0}, {-0+}, {-0+}/
[DEBUG] PC: 058 | Instr: push:I 1
        State: {+}, {0}, {0}, {-0+}, {-0+}/{-0+}
[DEBUG] PC: 059 | Instr: binary:I sub
        State: {+}, {0}, {0}, {-0+}, {-0+}/{-0+}:{+}
[DEBUG] PC: 060 | Instr: store:I 3
        State: {+}, {0}, {0}, {-0+}, {-0+}/{-0+}
[DEBUG] PC: 061 | Instr: goto 30
        State: {+}, {0}, {0}, {-0+}, {-0+}/
[DEBUG] PC: 030 | Instr: load:I 2
        State: {+}, {0}, {0}, {-0+}, {-0+}/
[DEBUG] PC: 031 | Instr: load:I 3
        State: {+}, {0}, {0}, {-0+}, {-0+}/{0}
[DEBUG] PC: 032 | Instr: if gt 62
        State: {+}, {0}, {0}, {-0+}, {-0+}/{0}:{-0+}
[DEBUG] PC: 062 | Instr: get static jpamb.cases.Arrays.$assertionsDisabled:Z
        State: {+}, {0}, {0}, {-0+}, {-0+}/
[DEBUG] PC: 063 | Instr: ifz ne 68
        State: {+}, {0}, {0}, {-0+}, {-0+}/{0}
[DEBUG] PC: 064 | Instr: new java.lang.AssertionError
        State: {+}, {0}, {0}, {-0+}, {-0+}/
[DEBUG] PC: 033 | Instr: load:I 2
        State: {+}, {0}, {0}, {-0+}, {-0+}/
[DEBUG] PC: 034 | Instr: load:I 3
        State: {+}, {0}, {0}, {-0+}, {-0+}/{0}
[DEBUG] PC: 035 | Instr: load:I 2
        State: {+}, {0}, {0}, {-0+}, {-0+}/{0}:{-0+}
[DEBUG] PC: 036 | Instr: binary:I sub
        State: {+}, {0}, {0}, {-0+}, {-0+}/{0}:{-0+}:{0}
[DEBUG] PC: 037 | Instr: push:I 2
        State: {+}, {0}, {0}, {-0+}, {-0+}/{0}:{-0+}
[DEBUG] PC: 038 | Instr: binary:I div
        State: {+}, {0}, {0}, {-0+}, {-0+}/{0}:{-0+}:{+}
[DEBUG] PC: 039 | Instr: binary:I add
        State: {+}, {0}, {0}, {-0+}, {-0+}/{0}:{-0+}
[DEBUG] PC: 040 | Instr: store:I 4
        State: {+}, {0}, {0}, {-0+}, {-0+}/{-0+}
[DEBUG] PC: 052 | Instr: load:I 4
        State: {+}, {0}, {0}, {-0+}, {-0+}/
[DEBUG] PC: 053 | Instr: push:I 1
        State: {+}, {0}, {0}, {-0+}, {-0+}/{-0+}
[DEBUG] PC: 054 | Instr: binary:I add
        State: {+}, {0}, {0}, {-0+}, {-0+}/{-0+}:{+}
[DEBUG] PC: 055 | Instr: store:I 2
        State: {+}, {0}, {0}, {-0+}, {-0+}/{-0+}
[DEBUG] PC: 056 | Instr: goto 61
        State: {+}, {0}, {-0+}, {-0+}, {-0+}/
[DEBUG] PC: 061 | Instr: goto 30
        State: {+}, {0}, {-0+}, {-0+}, {-0+}/
[DEBUG] PC: 030 | Instr: load:I 2
        State: {+}, {0}, {-0+}, {-0+}, {-0+}/
[DEBUG] PC: 031 | Instr: load:I 3
        State: {+}, {0}, {-0+}, {-0+}, {-0+}/{-0+}
[DEBUG] PC: 032 | Instr: if gt 62
        State: {+}, {0}, {-0+}, {-0+}, {-0+}/{-0+}:{-0+}
[DEBUG] PC: 062 | Instr: get static jpamb.cases.Arrays.$assertionsDisabled:Z
        State: {+}, {0}, {-0+}, {-0+}, {-0+}/
[DEBUG] PC: 000 | Instr: push:I 5
        State: {+}, {}, {}, {}, {}/
[DEBUG] PC: 001 | Instr: newarray[1D] I
        State: {+}, {}, {}, {}, {}/{+}
[DEBUG] PC: 002 | Instr: dup 1
        State: {+}, {}, {}, {}, {}/{0}
[DEBUG] PC: 003 | Instr: push:I 0
        State: {+}, {}, {}, {}, {}/{0}:{0}
[DEBUG] PC: 004 | Instr: push:I 2
        State: {+}, {}, {}, {}, {}/{0}:{0}:{0}
[DEBUG] PC: 005 | Instr: array_store I
        State: {+}, {}, {}, {}, {}/{0}:{0}:{0}:{+}
[DEBUG] PC: 006 | Instr: dup 1
        State: {+}, {}, {}, {}, {}/{0}
[DEBUG] PC: 007 | Instr: push:I 1
        State: {+}, {}, {}, {}, {}/{0}:{0}
[DEBUG] PC: 008 | Instr: push:I 3
        State: {+}, {}, {}, {}, {}/{0}:{0}:{+}
[DEBUG] PC: 009 | Instr: array_store I
        State: {+}, {}, {}, {}, {}/{0}:{0}:{+}:{+}
[DEBUG] PC: 010 | Instr: dup 1
        State: {+}, {}, {}, {}, {}/{0}
[DEBUG] PC: 011 | Instr: push:I 2
        State: {+}, {}, {}, {}, {}/{0}:{0}
[DEBUG] PC: 012 | Instr: push:I 4
        State: {+}, {}, {}, {}, {}/{0}:{0}:{+}
[DEBUG] PC: 013 | Instr: array_store I
        State: {+}, {}, {}, {}, {}/{0}:{0}:{+}:{+}
[DEBUG] PC: 014 | Instr: dup 1
        State: {+}, {}, {}, {}, {}/{0}
[DEBUG] PC: 015 | Instr: push:I 3
        State: {+}, {}, {}, {}, {}/{0}:{0}
[DEBUG] PC: 016 | Instr: push:I 10
        State: {+}, {}, {}, {}, {}/{0}:{0}:{+}
[DEBUG] PC: 017 | Instr: array_store I
        State: {+}, {}, {}, {}, {}/{0}:{0}:{+}:{+}
[DEBUG] PC: 018 | Instr: dup 1
        State: {+}, {}, {}, {}, {}/{0}
[DEBUG] PC: 019 | Instr: push:I 4
        State: {+}, {}, {}, {}, {}/{0}:{0}
[DEBUG] PC: 020 | Instr: push:I 40
        State: {+}, {}, {}, {}, {}/{0}:{0}:{+}
[DEBUG] PC: 021 | Instr: array_store I
        State: {+}, {}, {}, {}, {}/{0}:{0}:{+}:{+}
[DEBUG] PC: 022 | Instr: store:A 1
        State: {+}, {}, {}, {}, {}/{0}
[DEBUG] PC: 023 | Instr: push:I 0
        State: {+}, {0}, {}, {}, {}/
[DEBUG] PC: 024 | Instr: store:I 2
        State: {+}, {0}, {}, {}, {}/{0}
[DEBUG] PC: 025 | Instr: load:A 1
        State: {+}, {0}, {0}, {}, {}/
[DEBUG] PC: 026 | Instr: arraylength
        State: {+}, {0}, {0}, {}, {}/{0}
[DEBUG] PC: 027 | Instr: push:I 1
        State: {+}, {0}, {0}, {}, {}/{0+}
[DEBUG] PC: 028 | Instr: binary:I sub
        State: {+}, {0}, {0}, {}, {}/{0+}:{+}
[DEBUG] PC: 029 | Instr: store:I 3
        State: {+}, {0}, {0}, {}, {}/{-0+}
[DEBUG] PC: 030 | Instr: load:I 2
        State: {+}, {0}, {0}, {-0+}, {}/
[DEBUG] PC: 031 | Instr: load:I 3
        State: {+}, {0}, {0}, {-0+}, {}/{0}
[DEBUG] PC: 032 | Instr: if gt 62
        State: {+}, {0}, {0}, {-0+}, {}/{0}:{-0+}
[DEBUG] PC: 033 | Instr: load:I 2
        State: {+}, {0}, {0}, {-0+}, {}/
[DEBUG] PC: 034 | Instr: load:I 3
        State: {+}, {0}, {0}, {-0+}, {}/{0}
[DEBUG] PC: 035 | Instr: load:I 2
        State: {+}, {0}, {0}, {-0+}, {}/{0}:{-0+}
[DEBUG] PC: 036 | Instr: binary:I sub
        State: {+}, {0}, {0}, {-0+}, {}/{0}:{-0+}:{0}
[DEBUG] PC: 037 | Instr: push:I 2
        State: {+}, {0}, {0}, {-0+}, {}/{0}:{-0+}
[DEBUG] PC: 038 | Instr: binary:I div
        State: {+}, {0}, {0}, {-0+}, {}/{0}:{-0+}:{+}
[DEBUG] PC: 039 | Instr: binary:I add
        State: {+}, {0}, {0}, {-0+}, {}/{0}:{-0+}
[DEBUG] PC: 040 | Instr: store:I 4
        State: {+}, {0}, {0}, {-0+}, {}/{-0+}
[DEBUG] PC: 041 | Instr: load:A 1
        State: {+}, {0}, {0}, {-0+}, {-0+}/
[DEBUG] PC: 042 | Instr: load:I 4
        State: {+}, {0}, {0}, {-0+}, {-0+}/{0}
[DEBUG] PC: 043 | Instr: array_load:I
        State: {+}, {0}, {0}, {-0+}, {-0+}/{0}:{-0+}
[DEBUG] PC: 044 | Instr: load:I 0
        State: {+}, {0}, {0}, {-0+}, {-0+}/{-0+}
[DEBUG] PC: 045 | Instr: if ne 47
        State: {+}, {0}, {0}, {-0+}, {-0+}/{-0+}:{+}
[DEBUG] PC: 046 | Instr: return:V
        State: {+}, {0}, {0}, {-0+}, {-0+}/
[DEBUG] PC: 047 | Instr: load:A 1
        State: {+}, {0}, {0}, {-0+}, {-0+}/
[DEBUG] PC: 048 | Instr: load:I 4
        State: {+}, {0}, {0}, {-0+}, {-0+}/{0}
[DEBUG] PC: 049 | Instr: array_load:I
        State: {+}, {0}, {0}, {-0+}, {-0+}/{0}:{-0+}
[DEBUG] PC: 050 | Instr: load:I 0
        State: {+}, {0}, {0}, {-0+}, {-0+}/{-0+}
[DEBUG] PC: 051 | Instr: if ge 57
        State: {+}, {0}, {0}, {-0+}, {-0+}/{-0+}:{+}
[DEBUG] PC: 052 | Instr: load:I 4
        State: {+}, {0}, {0}, {-0+}, {-0+}/
[DEBUG] PC: 053 | Instr: push:I 1
        State: {+}, {0}, {0}, {-0+}, {-0+}/{-0+}
[DEBUG] PC: 054 | Instr: binary:I add
        State: {+}, {0}, {0}, {-0+}, {-0+}/{-0+}:{+}
[DEBUG] PC: 055 | Instr: store:I 2
        State: {+}, {0}, {0}, {-0+}, {-0+}/{-0+}
[DEBUG] PC: 056 | Instr: goto 61
        State: {+}, {0}, {-0+}, {-0+}, {-0+}/
[DEBUG] PC: 061 | Instr: goto 30
        State: {+}, {0}, {-0+}, {-0+}, {-0+}/
[DEBUG] PC: 030 | Instr: load:I 2
        State: {+}, {0}, {-0+}, {-0+}, {-0+}/
[DEBUG] PC: 031 | Instr: load:I 3
        State: {+}, {0}, {-0+}, {-0+}, {-0+}/{-0+}
[DEBUG] PC: 032 | Instr: if gt 62
        State: {+}, {0}, {-0+}, {-0+}, {-0+}/{-0+}:{-0+}
[DEBUG] PC: 033 | Instr: load:I 2
        State: {+}, {0}, {-0+}, {-0+}, {-0+}/
[DEBUG] PC: 034 | Instr: load:I 3
        State: {+}, {0}, {-0+}, {-0+}, {-0+}/{-0+}
[DEBUG] PC: 035 | Instr: load:I 2
        State: {+}, {0}, {-0+}, {-0+}, {-0+}/{-0+}:{-0+}
[DEBUG] PC: 036 | Instr: binary:I sub
        State: {+}, {0}, {-0+}, {-0+}, {-0+}/{-0+}:{-0+}:{-0+}
[DEBUG] PC: 037 | Instr: push:I 2
        State: {+}, {0}, {-0+}, {-0+}, {-0+}/{-0+}:{-0+}
[DEBUG] PC: 038 | Instr: binary:I div
        State: {+}, {0}, {-0+}, {-0+}, {-0+}/{-0+}:{-0+}:{+}
[DEBUG] PC: 039 | Instr: binary:I add
        State: {+}, {0}, {-0+}, {-0+}, {-0+}/{-0+}:{-0+}
[DEBUG] PC: 040 | Instr: store:I 4
        State: {+}, {0}, {-0+}, {-0+}, {-0+}/{-0+}
[DEBUG] PC: 041 | Instr: load:A 1
        State: {+}, {0}, {-0+}, {-0+}, {-0+}/
[DEBUG] PC: 042 | Instr: load:I 4
        State: {+}, {0}, {-0+}, {-0+}, {-0+}/{0}
[DEBUG] PC: 043 | Instr: array_load:I
        State: {+}, {0}, {-0+}, {-0+}, {-0+}/{0}:{-0+}
[DEBUG] PC: 044 | Instr: load:I 0
        State: {+}, {0}, {-0+}, {-0+}, {-0+}/{-0+}
[DEBUG] PC: 045 | Instr: if ne 47
        State: {+}, {0}, {-0+}, {-0+}, {-0+}/{-0+}:{+}
[DEBUG] PC: 046 | Instr: return:V
        State: {+}, {0}, {-0+}, {-0+}, {-0+}/
[DEBUG] PC: 047 | Instr: load:A 1
        State: {+}, {0}, {-0+}, {-0+}, {-0+}/
[DEBUG] PC: 048 | Instr: load:I 4
        State: {+}, {0}, {-0+}, {-0+}, {-0+}/{0}
[DEBUG] PC: 049 | Instr: array_load:I
        State: {+}, {0}, {-0+}, {-0+}, {-0+}/{0}:{-0+}
[DEBUG] PC: 050 | Instr: load:I 0
        State: {+}, {0}, {-0+}, {-0+}, {-0+}/{-0+}
